[docs.servicecomb.io/java-chassis/zh_CN/index.html]
[backblue.gif]
[fade.gif]
[index.html]
[docs.servicecomb.io/java-chassis/gitbook/gitbook-plugin-highlight/website.css]
[docs.servicecomb.io/java-chassis/gitbook/style.css]
[docs.servicecomb.io/java-chassis/gitbook/gitbook-plugin-search/search.css]
[docs.servicecomb.io/java-chassis/gitbook/gitbook-plugin-fontsettings/website.css]
[docs.servicecomb.io/java-chassis/zh_CN/styles/website.css]
[docs.servicecomb.io/java-chassis/gitbook/images/apple-touch-icon-precomposed-152.png]
[docs.servicecomb.io/java-chassis/zh_CN/catalog/start.html]
[docs.servicecomb.io/java-chassis/zh_CN/transports/verticle-count.html]
[docs.servicecomb.io/java-chassis/zh_CN/start/architecture.html]
[docs.servicecomb.io/java-chassis/zh_CN/start/development-environment.html]
[docs.servicecomb.io/java-chassis/zh_CN/start/first-sample.html]
[docs.servicecomb.io/java-chassis/zh_CN/catalog/build-provider.html]
[docs.servicecomb.io/java-chassis/zh_CN/build-provider/definition/service-definition.html]
[docs.servicecomb.io/java-chassis/zh_CN/build-provider/define-contract.html]
[docs.servicecomb.io/java-chassis/zh_CN/build-provider/code-first.html]
[docs.servicecomb.io/java-chassis/zh_CN/build-provider/swagger-annotation.html]
[docs.servicecomb.io/java-chassis/zh_CN/build-provider/jaxrs.html]
[docs.servicecomb.io/java-chassis/zh_CN/build-provider/transparent-rpc.html]
[docs.servicecomb.io/java-chassis/zh_CN/build-provider/interface-constraints.html]
[docs.servicecomb.io/java-chassis/zh_CN/build-provider/springmvc.html]
[docs.servicecomb.io/java-chassis/zh_CN/build-provider/listen-address-and-publish-address.html]
[docs.servicecomb.io/java-chassis/zh_CN/build-provider/thread-pool.html]
[docs.servicecomb.io/java-chassis/zh_CN/build-provider/configuration/lb-strategy.html]
[docs.servicecomb.io/java-chassis/zh_CN/build-provider/configuration/ratelimite-strategy.html]
[docs.servicecomb.io/java-chassis/zh_CN/build-provider/configuration/downgrade-strategy.html]
[docs.servicecomb.io/java-chassis/zh_CN/build-provider/service-configuration.html]
[docs.servicecomb.io/java-chassis/zh_CN/build-provider/bootup.html]
[docs.servicecomb.io/java-chassis/zh_CN/build-provider/configuration/parameter-validator.html]
[docs.servicecomb.io/java-chassis/zh_CN/build-provider/access-log-configuration.html]
[docs.servicecomb.io/java-chassis/zh_CN/catalog/build-consumer.html]
[docs.servicecomb.io/java-chassis/zh_CN/start/terminology.html]
[docs.servicecomb.io/java-chassis/zh_CN/build-consumer/common-configuration.html]
[docs.servicecomb.io/java-chassis/zh_CN/build-consumer/using-resttemplate.html]
[docs.servicecomb.io/java-chassis/zh_CN/build-consumer/using-AsyncRestTemplate.html]
[docs.servicecomb.io/java-chassis/zh_CN/build-consumer/develop-consumer-using-rpc.html]
[docs.servicecomb.io/java-chassis/zh_CN/build-consumer/with-contract.html]
[docs.servicecomb.io/java-chassis/zh_CN/build-consumer/invoke-control.html]
[docs.servicecomb.io/java-chassis/zh_CN/build-consumer/circuit-breaker.html]
[docs.servicecomb.io/java-chassis/zh_CN/build-consumer/flow-control.html]
[docs.servicecomb.io/java-chassis/zh_CN/build-consumer/fault-injection.html]
[docs.servicecomb.io/java-chassis/zh_CN/build-consumer/3rd-party-service-invoke.html]
[docs.servicecomb.io/java-chassis/zh_CN/transports/transport.html]
[docs.servicecomb.io/java-chassis/zh_CN/transports/rest-over-servlet.html]
[docs.servicecomb.io/java-chassis/zh_CN/transports/rest-over-vertx.html]
[docs.servicecomb.io/java-chassis/zh_CN/transports/highway-rpc.html]
[docs.servicecomb.io/java-chassis/zh_CN/transports/http2.html]
[docs.servicecomb.io/java-chassis/zh_CN/general-development/visit-sc.html]
[docs.servicecomb.io/java-chassis/zh_CN/catalog/general-develop.html]
[docs.servicecomb.io/java-chassis/zh_CN/general-development/metrics.html]
[docs.servicecomb.io/java-chassis/zh_CN/general-development/microservice-invocation-chain.html]
[docs.servicecomb.io/java-chassis/zh_CN/general-development/customized-tracing.html]
[docs.servicecomb.io/java-chassis/zh_CN/general-development/http-filter.html]
[docs.servicecomb.io/java-chassis/zh_CN/general-development/file-upload.html]
[docs.servicecomb.io/java-chassis/zh_CN/general-development/local-develop-test.html]
[docs.servicecomb.io/java-chassis/zh_CN/general-development/file-download.html]
[docs.servicecomb.io/java-chassis/zh_CN/general-development/reactive.html]
[docs.servicecomb.io/java-chassis/zh_CN/general-development/dnsconfig.html]
[docs.servicecomb.io/java-chassis/zh_CN/general-development/dai-li-she-zhi.html]
[docs.servicecomb.io/java-chassis/zh_CN/general-development/report-framework-version.html]
[docs.servicecomb.io/java-chassis/zh_CN/general-development/cross-app-invocation.html]
[docs.servicecomb.io/java-chassis/zh_CN/general-development/secret-field.html]
[docs.servicecomb.io/java-chassis/zh_CN/general-development/context.html]
[docs.servicecomb.io/java-chassis/zh_CN/general-development/produceprocess.html]
[docs.servicecomb.io/java-chassis/zh_CN/general-development/CORS.html]
[docs.servicecomb.io/java-chassis/zh_CN/general-development/AlarmEvent.html]
[docs.servicecomb.io/java-chassis/zh_CN/general-development/shutdown.html]
[docs.servicecomb.io/java-chassis/zh_CN/general-development/error-handling.html]
[docs.servicecomb.io/java-chassis/zh_CN/general-development/multienvironment.html]
[docs.servicecomb.io/java-chassis/zh_CN/general-development/thread-model.html]
[docs.servicecomb.io/java-chassis/zh_CN/catalog/config.html]
[docs.servicecomb.io/java-chassis/zh_CN/config/general-config.html]
[docs.servicecomb.io/java-chassis/zh_CN/config/inject-config.html]
[docs.servicecomb.io/java-chassis/zh_CN/edge/open-service.html]
[docs.servicecomb.io/java-chassis/zh_CN/edge/by-servicecomb-sdk.html]
[docs.servicecomb.io/java-chassis/zh_CN/edge/nginx.html]
[docs.servicecomb.io/java-chassis/zh_CN/edge/zuul.html]
[docs.servicecomb.io/java-chassis/zh_CN/catalog/service-package-run.html]
[docs.servicecomb.io/java-chassis/zh_CN/packaging/standalone.html]
[docs.servicecomb.io/java-chassis/zh_CN/packaging/web-container.html]
[docs.servicecomb.io/java-chassis/zh_CN/catalog/security.html]
[docs.servicecomb.io/java-chassis/zh_CN/security/tls.html]
[docs.servicecomb.io/java-chassis/zh_CN/security/shi-yong-rsa-ren-zheng.html]
[docs.servicecomb.io/java-chassis/zh_CN/using-java-chassis-in-spring-boot.html]
[docs.servicecomb.io/java-chassis/zh_CN/using-java-chassis-in-spring-boot/components-for-spring-boot.html]
[docs.servicecomb.io/java-chassis/zh_CN/using-java-chassis-in-spring-boot/java-application.html]
[docs.servicecomb.io/java-chassis/zh_CN/using-java-chassis-in-spring-boot/web-application.html]
[docs.servicecomb.io/java-chassis/zh_CN/using-java-chassis-in-spring-boot/diff-between-java-web.html]
[docs.servicecomb.io/java-chassis/zh_CN/using-java-chassis-in-spring-boot/diff-spring-mvc.html]
[docs.servicecomb.io/java-chassis/zh_CN/references-handlers/intruduction.html]
[docs.servicecomb.io/java-chassis/zh_CN/references-handlers/loadbalance.html]
[docs.servicecomb.io/java-chassis/zh_CN/references-handlers/publickey.html]
[docs.servicecomb.io/java-chassis/zh_CN/question-and-answer/question_answer.html]
[docs.servicecomb.io/java-chassis/zh_CN/question-and-answer/interface-compatibility.html]
[docs.servicecomb.io/java-chassis/gitbook/theme.js]
[docs.servicecomb.io/java-chassis/gitbook/gitbook.js]
[docs.servicecomb.io/java-chassis/gitbook/gitbook-plugin-search/search-engine.js]
[docs.servicecomb.io/java-chassis/gitbook/gitbook-plugin-search/search.js]
[docs.servicecomb.io/java-chassis/gitbook/gitbook-plugin-lunr/lunr.min.js]
[docs.servicecomb.io/java-chassis/gitbook/gitbook-plugin-fontsettings/fontsettings.js]
[docs.servicecomb.io/java-chassis/zh_CN/index.html]
[docs.servicecomb.io/java-chassis/gitbook/fonts/fontawesome/fontawesome-webfont5b62.eot]
[docs.servicecomb.io/java-chassis/gitbook/fonts/fontawesome/fontawesome-webfontd41d.eot]
[docs.servicecomb.io/java-chassis/gitbook/fonts/fontawesome/fontawesome-webfont5b62.woff]
[docs.servicecomb.io/java-chassis/gitbook/style.css]
[docs.servicecomb.io/java-chassis/gitbook/gitbook-plugin-highlight/website.css]
[docs.servicecomb.io/java-chassis/gitbook/gitbook-plugin-search/search.css]
[docs.servicecomb.io/java-chassis/gitbook/gitbook-plugin-fontsettings/website.css]
[docs.servicecomb.io/java-chassis/zh_CN/styles/website.css]
[docs.servicecomb.io/java-chassis/zh_CN/catalog/start.html]
[docs.servicecomb.io/java-chassis/zh_CN/assets/eventloop-and-verticle.png]
[docs.servicecomb.io/java-chassis/zh_CN/transports/verticle-count.html]
[docs.servicecomb.io/java-chassis/zh_CN/start/terminology.html]
[docs.servicecomb.io/java-chassis/zh_CN/start/architecture.png]
[docs.servicecomb.io/java-chassis/zh_CN/start/architecture.html]
[docs.servicecomb.io/java-chassis/zh_CN/start/development-environment.html]
[docs.servicecomb.io/java-chassis/zh_CN/start/first-sample.html]
[docs.servicecomb.io/java-chassis/zh_CN/catalog/build-provider.html]
[docs.servicecomb.io/java-chassis/zh_CN/build-provider/definition/service-definition.html]
[docs.servicecomb.io/java-chassis/zh_CN/build-provider/define-contract.html]
[docs.servicecomb.io/java-chassis/zh_CN/build-provider/code-first.html]
[docs.servicecomb.io/java-chassis/zh_CN/build-provider/swagger-annotation.html]
[docs.servicecomb.io/java-chassis/zh_CN/build-provider/springmvc.html]
[docs.servicecomb.io/java-chassis/zh_CN/build-provider/jaxrs.html]
[docs.servicecomb.io/java-chassis/zh_CN/build-provider/transparent-rpc.html]
[docs.servicecomb.io/java-chassis/zh_CN/build-provider/interface-constraints.html]
[docs.servicecomb.io/java-chassis/zh_CN/build-provider/listen-address-and-publish-address.html]
[docs.servicecomb.io/java-chassis/zh_CN/assets/producer-default-executor.png]
[docs.servicecomb.io/java-chassis/zh_CN/build-provider/thread-pool.html]
[docs.servicecomb.io/java-chassis/zh_CN/build-provider/service-configuration.html]
[docs.servicecomb.io/java-chassis/zh_CN/build-provider/configuration/lb-strategy.html]
[docs.servicecomb.io/java-chassis/zh_CN/build-provider/configuration/ratelimite-strategy.html]
[docs.servicecomb.io/java-chassis/zh_CN/build-provider/configuration/downgrade-strategy.html]
[docs.servicecomb.io/java-chassis/zh_CN/build-provider/configuration/parameter-validator.html]
[docs.servicecomb.io/java-chassis/zh_CN/build-provider/bootup.html]
[docs.servicecomb.io/java-chassis/zh_CN/build-provider/access-log-configuration.html]
[docs.servicecomb.io/java-chassis/zh_CN/catalog/build-consumer.html]
[docs.servicecomb.io/java-chassis/zh_CN/build-consumer/common-configuration.html]
[docs.servicecomb.io/java-chassis/zh_CN/用SpringMVC开发微服务]
[docs.servicecomb.io/java-chassis/zh_CN/build-consumer/using-resttemplate.html]
[docs.servicecomb.io/java-chassis/zh_CN/build-consumer/using-AsyncRestTemplate.html]
[docs.servicecomb.io/java-chassis/zh_CN/build-consumer/develop-consumer-using-rpc.html]
[docs.servicecomb.io/java-chassis/zh_CN/build-consumer/with-contract.html]
[docs.servicecomb.io/java-chassis/zh_CN/build-consumer/invoke-control.html]
[docs.servicecomb.io/java-chassis/zh_CN/build-consumer/circuit-breaker.html]
[docs.servicecomb.io/java-chassis/zh_CN/build-consumer/flow-control.html]
[docs.servicecomb.io/java-chassis/zh_CN/build-consumer/fault-injection.html]
[docs.servicecomb.io/java-chassis/zh_CN/build-consumer/3rd-party-service-invoke.html]
[docs.servicecomb.io/java-chassis/zh_CN/transports/transport.html]
[docs.servicecomb.io/java-chassis/zh_CN/transports/rest-over-servlet.html]
[docs.servicecomb.io/java-chassis/zh_CN/transports/transports/http2.md]
[docs.servicecomb.io/java-chassis/zh_CN/transports/rest-over-vertx.html]
[docs.servicecomb.io/java-chassis/zh_CN/transports/highway-rpc.html]
[docs.servicecomb.io/java-chassis/zh_CN/transports/http2.html]
[docs.servicecomb.io/java-chassis/zh_CN/catalog/general-develop.html]
[docs.servicecomb.io/java-chassis/zh_CN/general-development/visit-sc.html]
[docs.servicecomb.io/java-chassis/zh_CN/assets/metrics/logicDiagram.png]
[docs.servicecomb.io/java-chassis/zh_CN/general-development/metrics.html]
[docs.servicecomb.io/java-chassis/zh_CN/general-development/microservice-invocation-chain.html]
[docs.servicecomb.io/java-chassis/zh_CN/general-development/customized-tracing.html]
[docs.servicecomb.io/java-chassis/gitbook/fonts/fontawesome/fontawesome-webfont5b62.svg]
[docs.servicecomb.io/java-chassis/zh_CN/start/develop-test.png]
[docs.servicecomb.io/java-chassis/zh_CN/assets/env.png]
[docs.servicecomb.io/java-chassis/zh_CN/general-development/local-develop-test.html]
[docs.servicecomb.io/java-chassis/zh_CN/general-development/http-filter.html]
[docs.servicecomb.io/java-chassis/zh_CN/general-development/file-upload.html]
[docs.servicecomb.io/java-chassis/zh_CN/general-development/file-download.html]
[docs.servicecomb.io/java-chassis/zh_CN/assets/reactive/normalSync.png]
[docs.servicecomb.io/java-chassis/zh_CN/assets/reactive/nestedSync.png]
[docs.servicecomb.io/java-chassis/zh_CN/assets/reactive/wrongSyncOptimization.png]
[docs.servicecomb.io/java-chassis/zh_CN/assets/reactive/pureReactive.png]
[docs.servicecomb.io/java-chassis/zh_CN/general-development/reactive.html]
[docs.servicecomb.io/java-chassis/zh_CN/general-development/dnsconfig.html]
[docs.servicecomb.io/java-chassis/zh_CN/general-development/dai-li-she-zhi.html]
[docs.servicecomb.io/java-chassis/zh_CN/general-development/report-framework-version.html]
[docs.servicecomb.io/java-chassis/zh_CN/general-development/cross-app-invocation.html]
[docs.servicecomb.io/java-chassis/zh_CN/general-development/secret-field.html]
[docs.servicecomb.io/java-chassis/zh_CN/general-development/context.html]
[docs.servicecomb.io/java-chassis/zh_CN/general-development/produceprocess.html]
[docs.servicecomb.io/java-chassis/zh_CN/general-development/CORS.html]
[docs.servicecomb.io/java-chassis/zh_CN/general-development/AlarmEvent.html]
[docs.servicecomb.io/java-chassis/zh_CN/general-development/shutdown.html]
[docs.servicecomb.io/java-chassis/zh_CN/general-development/error-handling.html]
[docs.servicecomb.io/java-chassis/zh_CN/assets/isolation/architecture.png]
[docs.servicecomb.io/java-chassis/zh_CN/assets/isolation/app.png]
[docs.servicecomb.io/java-chassis/zh_CN/assets/isolation/environment.png]
[docs.servicecomb.io/java-chassis/zh_CN/general-development/multienvironment.html]
[docs.servicecomb.io/java-chassis/zh_CN/assets/sync-thread-model.png]
[docs.servicecomb.io/java-chassis/zh_CN/assets/reactive-thread-model.png]
[docs.servicecomb.io/java-chassis/zh_CN/general-development/thread-model.html]
[docs.servicecomb.io/java-chassis/zh_CN/catalog/config.html]
[docs.servicecomb.io/java-chassis/zh_CN/config/general-config.html]
[docs.servicecomb.io/java-chassis/zh_CN/config/inject-config.html]
[docs.servicecomb.io/java-chassis/zh_CN/edge/open-service.html]
[docs.servicecomb.io/java-chassis/zh_CN/assets/workFlow.png]
[docs.servicecomb.io/java-chassis/zh_CN/assets/deployment.png]
[docs.servicecomb.io/java-chassis/zh_CN/assets/reactive.png]
[docs.servicecomb.io/java-chassis/zh_CN/assets/threadPool.png]
[docs.servicecomb.io/java-chassis/zh_CN/edge/by-servicecomb-sdk.html]
[docs.servicecomb.io/java-chassis/zh_CN/edge/nginx.html]
[docs.servicecomb.io/java-chassis/zh_CN/edge/zuul.html]
[docs.servicecomb.io/java-chassis/zh_CN/catalog/service-package-run.html]
[docs.servicecomb.io/java-chassis/zh_CN/packaging/standalone.html]
[docs.servicecomb.io/java-chassis/zh_CN/packaging/web-container.html]
[docs.servicecomb.io/java-chassis/zh_CN/catalog/security.html]
[docs.servicecomb.io/java-chassis/zh_CN/security/tls.html]
[docs.servicecomb.io/java-chassis/zh_CN/security/shi-yong-rsa-ren-zheng.html]
[docs.servicecomb.io/java-chassis/zh_CN/assets/using-java-chassis-in-spring-boot-002.png]
[docs.servicecomb.io/java-chassis/zh_CN/assets/using-java-chassis-in-spring-boot-001.png]
[docs.servicecomb.io/java-chassis/zh_CN/using-java-chassis-in-spring-boot.html]
[docs.servicecomb.io/java-chassis/zh_CN/using-java-chassis-in-spring-boot/components-for-spring-boot.html]
[docs.servicecomb.io/java-chassis/zh_CN/using-java-chassis-in-spring-boot/java-application.html]
[docs.servicecomb.io/java-chassis/zh_CN/using-java-chassis-in-spring-boot/web-application.html]
[docs.servicecomb.io/java-chassis/zh_CN/using-java-chassis-in-spring-boot/diff-between-java-web.html]
[docs.servicecomb.io/java-chassis/zh_CN/using-java-chassis-in-spring-boot/diff-spring-mvc.html]
[docs.servicecomb.io/java-chassis/zh_CN/references-handlers/intruduction.html]
[docs.servicecomb.io/java-chassis/zh_CN/assets/loadbalance-001.png]
[docs.servicecomb.io/java-chassis/zh_CN/build-provider/definition/isolate-relationship.md]
[docs.servicecomb.io/java-chassis/zh_CN/references-handlers/loadbalance.html]
[docs.servicecomb.io/java-chassis/zh_CN/references-handlers/publickey.html]
[docs.servicecomb.io/java-chassis/zh_CN/question-and-answer/question_answer.html]
[docs.servicecomb.io/java-chassis/zh_CN/question-and-answer/interface-compatibility.html]
[docs.servicecomb.io/java-chassis/gitbook/fonts/fontawesome/fontawesome-webfont5b62.woff2]
[docs.servicecomb.io/java-chassis/gitbook/fonts/fontawesome/fontawesome-webfont5b62.svg]
[docs.servicecomb.io/java-chassis/zh_CN/用SpringMVC开发微服务.html]
[docs.servicecomb.io/java-chassis/zh_CN/transports/transports/http2.html]
[docs.servicecomb.io/java-chassis/gitbook/fonts/fontawesome/fontawesome-webfont5b62.ttf]
[docs.servicecomb.io/java-chassis/zh_CN/assets/isolation/datacenter.png]
[docs.servicecomb.io/java-chassis/zh_CN/build-provider/definition/isolate-relationship.html]
[docs.servicecomb.io/java-chassis/gitbook/gitbook-plugin-sharing/buttons.js]
[docs.servicecomb.io/java-chassis/gitbook/gitbook-plugin-lunr/search-lunr.js]
