[backblue.gif]
[fade.gif]
[index.html]
[cloud.spring.io/spring-cloud-static/Dalston.SR5/single/images/warning.png]
[cloud.spring.io/spring-cloud-static/Dalston.SR5/single/images/important.png]
[cloud.spring.io/spring-cloud-static/Dalston.SR5/single/images/tip.png]
[cloud.spring.io/spring-cloud-static/Dalston.SR5/single/images/HystrixGraph.png]
[cloud.spring.io/spring-cloud-static/Dalston.SR5/single/images/HystrixFallback.png]
[cloud.spring.io/spring-cloud-static/Dalston.SR5/single/images/Hystrix.png]
[cloud.spring.io/spring-cloud-static/Dalston.SR5/single/images/RequestLatency.png]
[cloud.spring.io/spring-cloud-static/Dalston.SR5/single/images/SCSt-with-binder.png]
[cloud.spring.io/spring-cloud-static/Dalston.SR5/single/images/SCSt-sensors.png]
[cloud.spring.io/spring-cloud-static/Dalston.SR5/single/images/SCSt-groups.png]
[cloud.spring.io/spring-cloud-static/Dalston.SR5/single/images/SCSt-partitioning.png]
[cloud.spring.io/spring-cloud-static/Dalston.SR5/single/images/producers-consumers.png]
[cloud.spring.io/spring-cloud-static/Dalston.SR5/single/images/schema_resolution.png]
[cloud.spring.io/spring-cloud-static/Dalston.SR5/single/images/registration.png]
[cloud.spring.io/spring-cloud-static/Dalston.SR5/single/images/schema_reading.png]
[cloud.spring.io/spring-cloud-static/Dalston.SR5/single/images/kafka-binder.png]
[cloud.spring.io/spring-cloud-static/Dalston.SR5/single/images/rabbit-binder.png]
[raw.githubusercontent.com/spring-cloud/spring-cloud-sleuth/master/docs/src/main/asciidoc/images/trace-id.png]
[raw.githubusercontent.com/spring-cloud/spring-cloud-sleuth/master/docs/src/main/asciidoc/images/parents.png]
[raw.githubusercontent.com/spring-cloud/spring-cloud-sleuth/master/docs/src/main/asciidoc/images/zipkin-traces.png]
[raw.githubusercontent.com/spring-cloud/spring-cloud-sleuth/master/docs/src/main/asciidoc/images/zipkin-ui.png]
[raw.githubusercontent.com/spring-cloud/spring-cloud-sleuth/master/docs/src/main/asciidoc/images/zipkin-error-traces.png]
[raw.githubusercontent.com/spring-cloud/spring-cloud-sleuth/master/docs/src/main/asciidoc/images/zipkin-error-trace-screenshot.png]
[raw.githubusercontent.com/spring-cloud/spring-cloud-sleuth/master/docs/src/main/asciidoc/images/pws.png]
[raw.githubusercontent.com/spring-cloud/spring-cloud-sleuth/master/docs/src/main/asciidoc/images/dependencies.png]
[raw.githubusercontent.com/spring-cloud/spring-cloud-sleuth/master/docs/src/main/asciidoc/images/kibana.png]
[cloud.spring.io/spring-cloud-static/Dalston.SR5/single/images/callouts/1.png]
[cloud.spring.io/spring-cloud-static/Dalston.SR5/single/images/callouts/2.png]
[cloud.spring.io/spring-cloud-static/Dalston.SR5/single/images/callouts/3.png]
[cloud.spring.io/spring-cloud-static/Dalston.SR5/single/images/callouts/4.png]
[cloud.spring.io/spring-cloud-static/Dalston.SR5/single/images/caution.png]
[cloud.spring.io/spring-cloud-static/Dalston.SR5/single/spring-cloud.html]
[cloud.spring.io/cdn-cgi/scripts/5c5dd728/cloudflare-static/email-decode.min.js]
[cloud.spring.io/spring-cloud-static/Dalston.SR5/single/css/manual-singlepage.css]
[cloud.spring.io/spring-cloud-static/Dalston.SR5/single/images/note.png]
[raw.githubusercontent.com/spring-cloud/spring-cloud-sleuth/master/docs/src/main/asciidoc/images/zipkin-error-trace-screenshot.png]
[cloud.spring.io/spring-cloud-static/Dalston.SR5/single/images/background.png]
[cloud.spring.io/spring-cloud-static/Dalston.SR5/single/css/manual-singlepage.css]
[cloud.spring.io/spring-cloud-static/Dalston.SR5/single/css/manual.css]
[cloud.spring.io/spring-cloud-static/Dalston.SR5/single/css/manual.css]
[cloud.spring.io/spring-cloud-static/Dalston.SR5/single/css/highlight.css]
[cloud.spring.io/spring-cloud-static/Dalston.SR5/single/css/highlight.css]
